{"index": 0, "family": "fixed_control", "r": 0.3333333333333333, "cross_gain": 0.00046388866138862857, "defect3": 0.8822338164635571, "defect4": 0.4415773752109784, "full_top": -0.017823990596355005}
{"index": 1, "family": "axis_soft_A1_u1_v1", "r": 0.3333333333333333, "cross_gain": 0.00022421132457434902, "defect3": 0.09680855455999213, "defect4": 0.05785889831346734, "full_top": -0.002030789615789124}
{"index": 2, "family": "axis_soft_A2_u2_v2", "r": 0.3333333333333333, "cross_gain": 0.00022663003488910833, "defect3": 0.010731244516462738, "defect4": 0.0064297232148443255, "full_top": -0.000226735179244918}
{"index": 3, "family": "axis_soft_A3_u1_v2", "r": 0.3333333333333333, "cross_gain": 0.00021249521624088923, "defect3": 0.09432766677525249, "defect4": 0.0062106670265556115, "full_top": -0.0009030632696501533}
{"index": 4, "family": "axis_soft_A2_u3_v1", "r": 0.3333333333333333, "cross_gain": 0.00017324142615273845, "defect3": 0.0016520992562175567, "defect4": 0.0556540886746122, "full_top": -0.0008241617535060243}
{"index": 5, "family": "axis_soft_A1_u3_v3", "r": 0.3333333333333333, "cross_gain": 8.706131091197059e-05, "defect3": 0.0062299424219884394, "defect4": 0.002705209226453167, "full_top": -6.735843426281608e-05}
{"index": 6, "family": "amplitude_and_axis_soft", "r": 0.3333333333333333, "cross_gain": 3.0509604466480397e-07, "defect3": 0.010474554230791749, "defect4": 0.0006829211529195493, "full_top": -2.7219375557012028e-06}
{"index": 7, "family": "schur_offdiagonal_soft", "r": 0.3333333333333333, "cross_gain": 0.00022141553298470168, "defect3": 0.010452579687368716, "defect4": 0.006225928934525041, "full_top": -0.0002237478787771962}
{"index": 8, "family": "fixed_control", "r": 0.2, "cross_gain": 9.671659493677176e-05, "defect3": 0.8186125570060947, "defect4": 0.4366874668735669, "full_top": -0.0163987701020229}
{"index": 9, "family": "axis_soft_A1_u1_v1", "r": 0.2, "cross_gain": 4.636130053438243e-05, "defect3": 0.032132521528339474, "defect4": 0.020593749395905823, "full_top": -0.0006716128957929219}
{"index": 10, "family": "axis_soft_A2_u2_v2", "r": 0.2, "cross_gain": 4.706481399212377e-05, "defect3": 0.0012839429626511814, "defect4": 0.0008237640221063975, "full_top": -2.6909831719755726e-05}
{"index": 11, "family": "axis_soft_A3_u1_v2", "r": 0.2, "cross_gain": 4.075415741031056e-05, "defect3": 0.03144231046149791, "defect4": 0.000792331893380276, "full_top": -0.00013487124155672097}
{"index": 12, "family": "axis_soft_A2_u3_v1", "r": 0.2, "cross_gain": 2.5967715011175854e-05, "defect3": 0.00011359093157559814, "defect4": 0.01972778626579008, "full_top": -5.6770348452659956e-05}
{"index": 13, "family": "axis_soft_A1_u3_v3", "r": 0.2, "cross_gain": 4.602835560430971e-06, "defect3": 0.0018147526897157977, "defect4": 0.0007345762791666225, "full_top": -1.541816810243898e-05}
{"index": 14, "family": "amplitude_and_axis_soft", "r": 0.2, "cross_gain": 2.8441531332375047e-09, "defect3": 0.0012525861275726057, "defect4": 3.14405895558221e-05, "full_top": -4.1843057929363565e-08}
{"index": 15, "family": "schur_offdiagonal_soft", "r": 0.2, "cross_gain": 4.5271500121854426e-05, "defect3": 0.001250497017750126, "defect4": 0.000793147260487026, "full_top": -2.651053766871705e-05}
{"index": 16, "family": "fixed_control", "r": 0.1, "cross_gain": 1.1935185375616392e-05, "defect3": 0.7944553946030812, "defect4": 0.43596622578604105, "full_top": -0.015904821915398756}
{"index": 17, "family": "axis_soft_A1_u1_v1", "r": 0.1, "cross_gain": 5.76243333977796e-06, "defect3": 0.007775637435514039, "defect4": 0.005139276488385526, "full_top": -0.00016273801414050468}
{"index": 18, "family": "axis_soft_A2_u2_v2", "r": 0.1, "cross_gain": 5.791226636258166e-06, "defect3": 7.773412856291632e-05, "defect4": 5.139281687198448e-05, "full_top": -1.6280558425114332e-06}
{"index": 19, "family": "axis_soft_A3_u1_v2", "r": 0.1, "cross_gain": 4.297961147208834e-06, "defect3": 0.007623867391826374, "defect4": 4.931721540072421e-05, "full_top": -6.605673966400704e-06}
{"index": 20, "family": "axis_soft_A2_u3_v1", "r": 0.1, "cross_gain": 1.3961377063652396e-06, "defect3": 4.865510144081111e-06, "defect4": 0.004912194165195824, "full_top": -2.432669497431745e-06}
{"index": 21, "family": "axis_soft_A1_u3_v3", "r": 0.1, "cross_gain": 9.38073841391709e-09, "defect3": 0.0004370187330390507, "defect4": 0.00017413103263494426, "full_top": -3.5229533558522565e-06}
{"index": 22, "family": "amplitude_and_axis_soft", "r": 0.1, "cross_gain": 5.396240912674264e-12, "defect3": 7.579863096394867e-05, "defect4": 4.900137346566771e-07, "full_top": -1.5817996445632444e-10}
{"index": 23, "family": "schur_offdiagonal_soft", "r": 0.1, "cross_gain": 5.51093503563501e-06, "defect3": 7.578761191977482e-05, "defect4": 4.9314476630746084e-05, "full_top": -1.6031162991273039e-06}
{"status": "SCOUT_COMPLETE", "pid": 158733, "command": "OMP_NUM_THREADS=1 OPENBLAS_NUM_THREADS=1 MKL_NUM_THREADS=1 NUMEXPR_NUM_THREADS=1 /root/i05-successors-20260909/N4/venv/bin/python research/N4/search/diamond_gain.py", "source_sha256": "0d92e541fab0ffdc8e5a9d80ff7f78ddc36e05ec3e34da50f155f965bb602fce", "core_sha256": "fb5a5239d1ec0e3ce06d294d9d954d41beb535d8d3dd3c3a497c3456179f5da1", "start_time": 1788891865.9170685, "seed": null, "random_calls": 0, "numpy": "2.5.3", "dimensions": [4], "threads": 1, "exit_code": 0, "completed": 24, "failures": 0, "counts": {"hessian_calls": 24, "entropy_calls": 456, "polynomial_derivative_calls": 24, "kernel_proposals": 24, "rejected": 0}, "max_gain": 0.00046388866138862857, "max_full_curvature": -1.5817996445632444e-10, "candidate_files": [], "elapsed_seconds": 0.11700558662414551}
