Traceback (most recent call last):
  File "/root/i05-successors-20260909/N4/children/search/repo/research/N4/search/diamond_interior.py", line 92, in <module>
    if __name__=='__main__':run()
                            ^^^^^
  File "/root/i05-successors-20260909/N4/children/search/repo/research/N4/search/diamond_interior.py", line 88, in run
    (out/'best_gain.json').write_text(json.dumps(best,indent=2));(out/'failures.json').write_text(json.dumps(failures,indent=2))
                                      ^^^^^^^^^^^^^^^^^^^^^^^^^
  File "/usr/lib/python3.12/json/__init__.py", line 238, in dumps
    **kw).encode(obj)
          ^^^^^^^^^^^
  File "/usr/lib/python3.12/json/encoder.py", line 202, in encode
    chunks = list(chunks)
             ^^^^^^^^^^^^
  File "/usr/lib/python3.12/json/encoder.py", line 432, in _iterencode
    yield from _iterencode_dict(o, _current_indent_level)
  File "/usr/lib/python3.12/json/encoder.py", line 406, in _iterencode_dict
    yield from chunks
  File "/usr/lib/python3.12/json/encoder.py", line 439, in _iterencode
    o = _default(o)
        ^^^^^^^^^^^
  File "/usr/lib/python3.12/json/encoder.py", line 180, in default
    raise TypeError(f'Object of type {o.__class__.__name__} '
TypeError: Object of type bool is not JSON serializable
