{"phase":"A_exact_constants_and_covariance","stage":"start","utc":"2026-09-10T02:28:39.883989+00:00","elapsed_seconds":0.006654525175690651}
{"phase":"A_exact_constants_and_covariance","stage":"complete","utc":"2026-09-10T02:28:39.891899+00:00","elapsed_seconds":0.014564384706318378,"point_tails":{"1/2":"36026886064117110712991481856/17001214254909036844957481012043385437","1":"3422742826147489640375023959015424/371780292301587050689426868311954658203125","3/2":"37171329017241517778435191012369376385318099886578093/89169936762553707649713403573081770277730925936640000000"},"E18":"68452302523034229492167760681677241250277303019607486629839419850733254290124742879469077715677806564452230375/54534678711026931355504256190130334859081398170307139571070428602208618867887652871059847756083083488397652337360896"}
{"phase":"B_small_independent_crosschecks","stage":"start","utc":"2026-09-10T02:28:39.892084+00:00","elapsed_seconds":0.014748604036867619}
{"phase":"B_small_independent_crosschecks","stage":"parameter_complete","utc":"2026-09-10T02:28:40.013642+00:00","elapsed_seconds":0.1363138323649764,"t":"1/2","counts":{"mobius_word_cases":126,"direct_word_cases":510,"jet_word_cases":126}}
{"phase":"B_small_independent_crosschecks","stage":"parameter_complete","utc":"2026-09-10T02:28:40.135739+00:00","elapsed_seconds":0.2584108179435134,"t":"1","counts":{"mobius_word_cases":252,"direct_word_cases":1020,"jet_word_cases":252}}
{"phase":"B_small_independent_crosschecks","stage":"parameter_complete","utc":"2026-09-10T02:28:40.257475+00:00","elapsed_seconds":0.3801475344225764,"t":"3/2","counts":{"mobius_word_cases":378,"direct_word_cases":1530,"jet_word_cases":378}}
{"phase":"C_production_complete_event_jets","stage":"start","utc":"2026-09-10T02:28:40.257876+00:00","elapsed_seconds":0.3805407928302884}
{"phase":"C_production_complete_event_jets","stage":"enumeration_checkpoint","utc":"2026-09-10T02:28:40.920825+00:00","elapsed_seconds":1.0435008015483618,"t":"1/2","n":19,"event_count":65536,"distinct":61504}
{"phase":"C_production_complete_event_jets","stage":"enumeration_checkpoint","utc":"2026-09-10T02:28:41.606483+00:00","elapsed_seconds":1.7291572131216526,"t":"1/2","n":18,"event_count":65536,"distinct":57408}
{"phase":"C_production_complete_event_jets","stage":"enumeration_checkpoint","utc":"2026-09-10T02:28:41.606899+00:00","elapsed_seconds":1.7295633619651198,"t":"1/2","n":19,"event_count":131072,"distinct":114816}
{"phase":"C_production_complete_event_jets","stage":"enumeration_checkpoint","utc":"2026-09-10T02:28:42.283093+00:00","elapsed_seconds":2.4057691199705005,"t":"1/2","n":19,"event_count":196608,"distinct":159936}
{"phase":"C_production_complete_event_jets","stage":"enumeration_checkpoint","utc":"2026-09-10T02:28:43.013489+00:00","elapsed_seconds":3.1361648216843605,"t":"1/2","n":18,"event_count":131072,"distinct":98432}
{"phase":"C_production_complete_event_jets","stage":"enumeration_checkpoint","utc":"2026-09-10T02:28:43.013939+00:00","elapsed_seconds":3.1366044599562883,"t":"1/2","n":19,"event_count":262144,"distinct":196864}
{"phase":"C_production_complete_event_jets","stage":"enumeration_checkpoint","utc":"2026-09-10T02:28:43.717050+00:00","elapsed_seconds":3.8397259758785367,"t":"1/2","n":19,"event_count":327680,"distinct":225600}
{"phase":"C_production_complete_event_jets","stage":"enumeration_checkpoint","utc":"2026-09-10T02:28:44.478920+00:00","elapsed_seconds":4.601595927961171,"t":"1/2","n":18,"event_count":196608,"distinct":123072}
{"phase":"C_production_complete_event_jets","stage":"enumeration_checkpoint","utc":"2026-09-10T02:28:44.479365+00:00","elapsed_seconds":4.602029385976493,"t":"1/2","n":19,"event_count":393216,"distinct":246144}
{"phase":"C_production_complete_event_jets","stage":"enumeration_checkpoint","utc":"2026-09-10T02:28:45.196673+00:00","elapsed_seconds":5.319346928037703,"t":"1/2","n":19,"event_count":458752,"distinct":258496}
{"phase":"C_production_complete_event_jets","stage":"enumeration_checkpoint","utc":"2026-09-10T02:28:45.914997+00:00","elapsed_seconds":6.037672734819353,"t":"1/2","n":18,"event_count":262144,"distinct":131328}
{"phase":"C_production_complete_event_jets","stage":"enumeration_checkpoint","utc":"2026-09-10T02:28:45.915445+00:00","elapsed_seconds":6.03810937423259,"t":"1/2","n":19,"event_count":524288,"distinct":262656}
{"phase":"C_production_complete_event_jets","stage":"point_enumeration_complete","utc":"2026-09-10T02:28:48.273167+00:00","elapsed_seconds":8.395838785916567,"t":"1/2"}
{"phase":"C_production_complete_event_jets","stage":"enumeration_checkpoint","utc":"2026-09-10T02:28:48.994819+00:00","elapsed_seconds":9.117494330741465,"t":"1","n":19,"event_count":65536,"distinct":61504}
{"phase":"C_production_complete_event_jets","stage":"enumeration_checkpoint","utc":"2026-09-10T02:28:49.814233+00:00","elapsed_seconds":9.93690725415945,"t":"1","n":18,"event_count":65536,"distinct":57408}
{"phase":"C_production_complete_event_jets","stage":"enumeration_checkpoint","utc":"2026-09-10T02:28:49.814671+00:00","elapsed_seconds":9.937335702590644,"t":"1","n":19,"event_count":131072,"distinct":114816}
{"phase":"C_production_complete_event_jets","stage":"enumeration_checkpoint","utc":"2026-09-10T02:28:50.488721+00:00","elapsed_seconds":10.611397149041295,"t":"1","n":19,"event_count":196608,"distinct":159936}
{"phase":"C_production_complete_event_jets","stage":"enumeration_checkpoint","utc":"2026-09-10T02:28:51.180136+00:00","elapsed_seconds":11.302813169546425,"t":"1","n":18,"event_count":131072,"distinct":98432}
{"phase":"C_production_complete_event_jets","stage":"enumeration_checkpoint","utc":"2026-09-10T02:28:51.180583+00:00","elapsed_seconds":11.303248177282512,"t":"1","n":19,"event_count":262144,"distinct":196864}
{"phase":"C_production_complete_event_jets","stage":"enumeration_checkpoint","utc":"2026-09-10T02:28:52.004658+00:00","elapsed_seconds":12.127333473414183,"t":"1","n":19,"event_count":327680,"distinct":225600}
{"phase":"C_production_complete_event_jets","stage":"enumeration_checkpoint","utc":"2026-09-10T02:28:52.710843+00:00","elapsed_seconds":12.833519167266786,"t":"1","n":18,"event_count":196608,"distinct":123072}
{"phase":"C_production_complete_event_jets","stage":"enumeration_checkpoint","utc":"2026-09-10T02:28:52.711282+00:00","elapsed_seconds":12.833946655504405,"t":"1","n":19,"event_count":393216,"distinct":246144}
{"phase":"C_production_complete_event_jets","stage":"enumeration_checkpoint","utc":"2026-09-10T02:28:53.421590+00:00","elapsed_seconds":13.544265042990446,"t":"1","n":19,"event_count":458752,"distinct":258496}
{"phase":"C_production_complete_event_jets","stage":"enumeration_checkpoint","utc":"2026-09-10T02:28:54.134210+00:00","elapsed_seconds":14.25688449293375,"t":"1","n":18,"event_count":262144,"distinct":131328}
{"phase":"C_production_complete_event_jets","stage":"enumeration_checkpoint","utc":"2026-09-10T02:28:54.134641+00:00","elapsed_seconds":14.257306070998311,"t":"1","n":19,"event_count":524288,"distinct":262656}
{"phase":"C_production_complete_event_jets","stage":"point_enumeration_complete","utc":"2026-09-10T02:28:56.487690+00:00","elapsed_seconds":16.610362730920315,"t":"1"}
{"phase":"C_production_complete_event_jets","stage":"enumeration_checkpoint","utc":"2026-09-10T02:28:57.128852+00:00","elapsed_seconds":17.25152808241546,"t":"3/2","n":19,"event_count":65536,"distinct":61504}
{"phase":"C_production_complete_event_jets","stage":"enumeration_checkpoint","utc":"2026-09-10T02:28:57.966136+00:00","elapsed_seconds":18.088811627589166,"t":"3/2","n":18,"event_count":65536,"distinct":57408}
{"phase":"C_production_complete_event_jets","stage":"enumeration_checkpoint","utc":"2026-09-10T02:28:57.966568+00:00","elapsed_seconds":18.08923278655857,"t":"3/2","n":19,"event_count":131072,"distinct":114816}
{"phase":"C_production_complete_event_jets","stage":"enumeration_checkpoint","utc":"2026-09-10T02:28:58.641398+00:00","elapsed_seconds":18.76407056953758,"t":"3/2","n":19,"event_count":196608,"distinct":159936}
{"phase":"C_production_complete_event_jets","stage":"enumeration_checkpoint","utc":"2026-09-10T02:28:59.339325+00:00","elapsed_seconds":19.462001403793693,"t":"3/2","n":18,"event_count":131072,"distinct":98432}
{"phase":"C_production_complete_event_jets","stage":"enumeration_checkpoint","utc":"2026-09-10T02:28:59.339787+00:00","elapsed_seconds":19.462451982311904,"t":"3/2","n":19,"event_count":262144,"distinct":196864}
{"phase":"C_production_complete_event_jets","stage":"enumeration_checkpoint","utc":"2026-09-10T02:29:00.050292+00:00","elapsed_seconds":20.172967960126698,"t":"3/2","n":19,"event_count":327680,"distinct":225600}
{"phase":"C_production_complete_event_jets","stage":"enumeration_checkpoint","utc":"2026-09-10T02:29:00.969774+00:00","elapsed_seconds":21.092453572899103,"t":"3/2","n":18,"event_count":196608,"distinct":123072}
{"phase":"C_production_complete_event_jets","stage":"enumeration_checkpoint","utc":"2026-09-10T02:29:00.970199+00:00","elapsed_seconds":21.092863420955837,"t":"3/2","n":19,"event_count":393216,"distinct":246144}
{"phase":"C_production_complete_event_jets","stage":"enumeration_checkpoint","utc":"2026-09-10T02:29:01.685997+00:00","elapsed_seconds":21.808673348277807,"t":"3/2","n":19,"event_count":458752,"distinct":258496}
{"phase":"C_production_complete_event_jets","stage":"enumeration_checkpoint","utc":"2026-09-10T02:29:02.405397+00:00","elapsed_seconds":22.528072591871023,"t":"3/2","n":18,"event_count":262144,"distinct":131328}
{"phase":"C_production_complete_event_jets","stage":"enumeration_checkpoint","utc":"2026-09-10T02:29:02.405850+00:00","elapsed_seconds":22.528514499776065,"t":"3/2","n":19,"event_count":524288,"distinct":262656}
{"phase":"C_production_complete_event_jets","stage":"point_enumeration_complete","utc":"2026-09-10T02:29:04.757352+00:00","elapsed_seconds":24.880024446174502,"t":"3/2"}
{"phase":"D_directed_intervals_and_true_bounds","stage":"start","utc":"2026-09-10T02:29:04.757559+00:00","elapsed_seconds":24.88022352475673}
{"phase":"D_directed_intervals_and_true_bounds","stage":"directed_log_accumulation","utc":"2026-09-10T02:29:06.711872+00:00","elapsed_seconds":26.83454695250839,"t":"1/2","n":18,"processed_arguments":25000,"total_arguments":131328}
{"phase":"D_directed_intervals_and_true_bounds","stage":"directed_log_accumulation","utc":"2026-09-10T02:29:08.638212+00:00","elapsed_seconds":28.76088749524206,"t":"1/2","n":18,"processed_arguments":50000,"total_arguments":131328}
{"phase":"D_directed_intervals_and_true_bounds","stage":"directed_log_accumulation","utc":"2026-09-10T02:29:10.582604+00:00","elapsed_seconds":30.705279499292374,"t":"1/2","n":18,"processed_arguments":75000,"total_arguments":131328}
{"phase":"D_directed_intervals_and_true_bounds","stage":"directed_log_accumulation","utc":"2026-09-10T02:29:12.462078+00:00","elapsed_seconds":32.584753160364926,"t":"1/2","n":18,"processed_arguments":100000,"total_arguments":131328}
{"phase":"D_directed_intervals_and_true_bounds","stage":"directed_log_accumulation","utc":"2026-09-10T02:29:14.322504+00:00","elapsed_seconds":34.44517878443003,"t":"1/2","n":18,"processed_arguments":125000,"total_arguments":131328}
{"phase":"D_directed_intervals_and_true_bounds","stage":"directed_log_accumulation","utc":"2026-09-10T02:29:16.787937+00:00","elapsed_seconds":36.91061220597476,"t":"1/2","n":19,"processed_arguments":25000,"total_arguments":262656}
{"phase":"D_directed_intervals_and_true_bounds","stage":"directed_log_accumulation","utc":"2026-09-10T02:29:18.646123+00:00","elapsed_seconds":38.768797527998686,"t":"1/2","n":19,"processed_arguments":50000,"total_arguments":262656}
{"phase":"D_directed_intervals_and_true_bounds","stage":"directed_log_accumulation","utc":"2026-09-10T02:29:20.519428+00:00","elapsed_seconds":40.64210381358862,"t":"1/2","n":19,"processed_arguments":75000,"total_arguments":262656}
{"phase":"D_directed_intervals_and_true_bounds","stage":"directed_log_accumulation","utc":"2026-09-10T02:29:22.378161+00:00","elapsed_seconds":42.500836863182485,"t":"1/2","n":19,"processed_arguments":100000,"total_arguments":262656}
{"phase":"D_directed_intervals_and_true_bounds","stage":"directed_log_accumulation","utc":"2026-09-10T02:29:24.234659+00:00","elapsed_seconds":44.35733297187835,"t":"1/2","n":19,"processed_arguments":125000,"total_arguments":262656}
{"phase":"D_directed_intervals_and_true_bounds","stage":"directed_log_accumulation","utc":"2026-09-10T02:29:26.089056+00:00","elapsed_seconds":46.21173062827438,"t":"1/2","n":19,"processed_arguments":150000,"total_arguments":262656}
{"phase":"D_directed_intervals_and_true_bounds","stage":"directed_log_accumulation","utc":"2026-09-10T02:29:27.943145+00:00","elapsed_seconds":48.06581887602806,"t":"1/2","n":19,"processed_arguments":175000,"total_arguments":262656}
{"phase":"D_directed_intervals_and_true_bounds","stage":"directed_log_accumulation","utc":"2026-09-10T02:29:29.785058+00:00","elapsed_seconds":49.907732820138335,"t":"1/2","n":19,"processed_arguments":200000,"total_arguments":262656}
{"phase":"D_directed_intervals_and_true_bounds","stage":"directed_log_accumulation","utc":"2026-09-10T02:29:31.317329+00:00","elapsed_seconds":51.4400050919503,"t":"1/2","n":19,"processed_arguments":225000,"total_arguments":262656}
{"phase":"D_directed_intervals_and_true_bounds","stage":"directed_log_accumulation","utc":"2026-09-10T02:29:32.500767+00:00","elapsed_seconds":52.62344784103334,"t":"1/2","n":19,"processed_arguments":250000,"total_arguments":262656}
{"phase":"D_directed_intervals_and_true_bounds","stage":"finite_point_complete","utc":"2026-09-10T02:29:33.435720+00:00","elapsed_seconds":53.55839127395302,"t":"1/2","h18":{"lower":"0.69117418206816118832650645194027382056348534975614610272587133107478713827017737235067363040421459","upper":"0.69117418206816118832650645194027382056348534975614610272587133107478713827017737235067370840814598","arithmetic_width_upper":"7.800393139E-89"},"h18second":{"lower":"-0.000522877021726246122326514297003507905900456467380154182535080855357714944950331438625087362148777849","upper":"-0.000522877021726246122326514297003507905900456467380154182535080855357714944950331438625086877570043847","arithmetic_width_upper":"4.84578734002E-91"}}
{"phase":"D_directed_intervals_and_true_bounds","stage":"directed_log_accumulation","utc":"2026-09-10T02:29:35.383224+00:00","elapsed_seconds":55.50589871685952,"t":"1","n":18,"processed_arguments":25000,"total_arguments":131328}
{"phase":"D_directed_intervals_and_true_bounds","stage":"directed_log_accumulation","utc":"2026-09-10T02:29:37.314859+00:00","elapsed_seconds":57.43753389921039,"t":"1","n":18,"processed_arguments":50000,"total_arguments":131328}
{"phase":"D_directed_intervals_and_true_bounds","stage":"directed_log_accumulation","utc":"2026-09-10T02:29:39.247077+00:00","elapsed_seconds":59.36975090019405,"t":"1","n":18,"processed_arguments":75000,"total_arguments":131328}
{"phase":"D_directed_intervals_and_true_bounds","stage":"directed_log_accumulation","utc":"2026-09-10T02:29:41.123749+00:00","elapsed_seconds":61.246423232369125,"t":"1","n":18,"processed_arguments":100000,"total_arguments":131328}
{"phase":"D_directed_intervals_and_true_bounds","stage":"directed_log_accumulation","utc":"2026-09-10T02:29:42.983652+00:00","elapsed_seconds":63.10632700845599,"t":"1","n":18,"processed_arguments":125000,"total_arguments":131328}
{"phase":"D_directed_intervals_and_true_bounds","stage":"directed_log_accumulation","utc":"2026-09-10T02:29:45.459059+00:00","elapsed_seconds":65.58173381257802,"t":"1","n":19,"processed_arguments":25000,"total_arguments":262656}
{"phase":"D_directed_intervals_and_true_bounds","stage":"directed_log_accumulation","utc":"2026-09-10T02:29:47.317808+00:00","elapsed_seconds":67.44048323202878,"t":"1","n":19,"processed_arguments":50000,"total_arguments":262656}
{"phase":"D_directed_intervals_and_true_bounds","stage":"directed_log_accumulation","utc":"2026-09-10T02:29:49.178790+00:00","elapsed_seconds":69.30146681331098,"t":"1","n":19,"processed_arguments":75000,"total_arguments":262656}
{"phase":"D_directed_intervals_and_true_bounds","stage":"directed_log_accumulation","utc":"2026-09-10T02:29:51.043050+00:00","elapsed_seconds":71.16572533268481,"t":"1","n":19,"processed_arguments":100000,"total_arguments":262656}
{"phase":"D_directed_intervals_and_true_bounds","stage":"directed_log_accumulation","utc":"2026-09-10T02:29:52.907539+00:00","elapsed_seconds":73.03021470084786,"t":"1","n":19,"processed_arguments":125000,"total_arguments":262656}
{"phase":"D_directed_intervals_and_true_bounds","stage":"directed_log_accumulation","utc":"2026-09-10T02:29:54.766088+00:00","elapsed_seconds":74.8887623725459,"t":"1","n":19,"processed_arguments":150000,"total_arguments":262656}
{"phase":"D_directed_intervals_and_true_bounds","stage":"directed_log_accumulation","utc":"2026-09-10T02:29:56.620539+00:00","elapsed_seconds":76.74321357812732,"t":"1","n":19,"processed_arguments":175000,"total_arguments":262656}
{"phase":"D_directed_intervals_and_true_bounds","stage":"directed_log_accumulation","utc":"2026-09-10T02:29:58.467140+00:00","elapsed_seconds":78.58981511369348,"t":"1","n":19,"processed_arguments":200000,"total_arguments":262656}
{"phase":"D_directed_intervals_and_true_bounds","stage":"directed_log_accumulation","utc":"2026-09-10T02:29:59.778265+00:00","elapsed_seconds":79.90093853697181,"t":"1","n":19,"processed_arguments":225000,"total_arguments":262656}
{"phase":"D_directed_intervals_and_true_bounds","stage":"directed_log_accumulation","utc":"2026-09-10T02:30:00.980852+00:00","elapsed_seconds":81.10352765303105,"t":"1","n":19,"processed_arguments":250000,"total_arguments":262656}
{"phase":"D_directed_intervals_and_true_bounds","stage":"finite_point_complete","utc":"2026-09-10T02:30:01.921709+00:00","elapsed_seconds":82.04438045434654,"t":"1","h18":{"lower":"0.69101048194818864863628286984287327719596623522124081708636394117697139727518433285958794865812812","upper":"0.69101048194818864863628286984287327719596623522124081708636394117697139727518433285958802666202767","arithmetic_width_upper":"7.800389955E-89"},"h18second":{"lower":"-0.00211030047572157007738746187275816934851667933264612518288393029206555255110831487763681310978273165","upper":"-0.00211030047572157007738746187275816934851667933264612518288393029206555255110831487763681261870345708","arithmetic_width_upper":"4.9107927457E-91"}}
{"phase":"D_directed_intervals_and_true_bounds","stage":"directed_log_accumulation","utc":"2026-09-10T02:30:03.859913+00:00","elapsed_seconds":83.9825879316777,"t":"3/2","n":18,"processed_arguments":25000,"total_arguments":131328}
{"phase":"D_directed_intervals_and_true_bounds","stage":"directed_log_accumulation","utc":"2026-09-10T02:30:05.800879+00:00","elapsed_seconds":85.92355497926474,"t":"3/2","n":18,"processed_arguments":50000,"total_arguments":131328}
{"phase":"D_directed_intervals_and_true_bounds","stage":"directed_log_accumulation","utc":"2026-09-10T02:30:07.740829+00:00","elapsed_seconds":87.86350458022207,"t":"3/2","n":18,"processed_arguments":75000,"total_arguments":131328}
{"phase":"D_directed_intervals_and_true_bounds","stage":"directed_log_accumulation","utc":"2026-09-10T02:30:09.621161+00:00","elapsed_seconds":89.74383417796344,"t":"3/2","n":18,"processed_arguments":100000,"total_arguments":131328}
{"phase":"D_directed_intervals_and_true_bounds","stage":"directed_log_accumulation","utc":"2026-09-10T02:30:11.491515+00:00","elapsed_seconds":91.6141906240955,"t":"3/2","n":18,"processed_arguments":125000,"total_arguments":131328}
{"phase":"D_directed_intervals_and_true_bounds","stage":"directed_log_accumulation","utc":"2026-09-10T02:30:13.965467+00:00","elapsed_seconds":94.08814215380698,"t":"3/2","n":19,"processed_arguments":25000,"total_arguments":262656}
{"phase":"D_directed_intervals_and_true_bounds","stage":"directed_log_accumulation","utc":"2026-09-10T02:30:15.855453+00:00","elapsed_seconds":95.97812785580754,"t":"3/2","n":19,"processed_arguments":50000,"total_arguments":262656}
{"phase":"D_directed_intervals_and_true_bounds","stage":"directed_log_accumulation","utc":"2026-09-10T02:30:17.713498+00:00","elapsed_seconds":97.83617410808802,"t":"3/2","n":19,"processed_arguments":75000,"total_arguments":262656}
{"phase":"D_directed_intervals_and_true_bounds","stage":"directed_log_accumulation","utc":"2026-09-10T02:30:19.579116+00:00","elapsed_seconds":99.7017906717956,"t":"3/2","n":19,"processed_arguments":100000,"total_arguments":262656}
{"phase":"D_directed_intervals_and_true_bounds","stage":"directed_log_accumulation","utc":"2026-09-10T02:30:21.442405+00:00","elapsed_seconds":101.56507784500718,"t":"3/2","n":19,"processed_arguments":125000,"total_arguments":262656}
{"phase":"D_directed_intervals_and_true_bounds","stage":"directed_log_accumulation","utc":"2026-09-10T02:30:23.303437+00:00","elapsed_seconds":103.42611150629818,"t":"3/2","n":19,"processed_arguments":150000,"total_arguments":262656}
{"phase":"D_directed_intervals_and_true_bounds","stage":"directed_log_accumulation","utc":"2026-09-10T02:30:25.155043+00:00","elapsed_seconds":105.27771645318717,"t":"3/2","n":19,"processed_arguments":175000,"total_arguments":262656}
{"phase":"D_directed_intervals_and_true_bounds","stage":"directed_log_accumulation","utc":"2026-09-10T02:30:26.910439+00:00","elapsed_seconds":107.03311423584819,"t":"3/2","n":19,"processed_arguments":200000,"total_arguments":262656}
{"phase":"D_directed_intervals_and_true_bounds","stage":"directed_log_accumulation","utc":"2026-09-10T02:30:28.048055+00:00","elapsed_seconds":108.17073082923889,"t":"3/2","n":19,"processed_arguments":225000,"total_arguments":262656}
{"phase":"D_directed_intervals_and_true_bounds","stage":"directed_log_accumulation","utc":"2026-09-10T02:30:29.420150+00:00","elapsed_seconds":109.54282489046454,"t":"3/2","n":19,"processed_arguments":250000,"total_arguments":262656}
{"phase":"D_directed_intervals_and_true_bounds","stage":"finite_point_complete","utc":"2026-09-10T02:30:30.361512+00:00","elapsed_seconds":110.48418410029262,"t":"3/2","h18":{"lower":"0.69029498760185408550345983916557103141833212061442360523066921998328730366761243776426359557828666","upper":"0.69029498760185408550345983916557103141833212061442360523066921998328730366761243776426367358206983","arithmetic_width_upper":"7.800378317E-89"},"h18second":{"lower":"-0.00487536091432350275301132950959729298717538647850706026124814181424448219093118704721459176252692996","upper":"-0.00487536091432350275301132950959729298717538647850706026124814181424448219093118704721459124489989448","arithmetic_width_upper":"5.1762703548E-91"}}
{"status":"MACHINE_PASS","phase":"D_directed_intervals_and_true_bounds","pid":175737,"exit_code":0,"elapsed_seconds":110.48600431345403}
