0 [-0.00117975321180553,-0.00117975321180515] width=3.80554962542412e-16 seconds=0.9388214
1 [-0.00117594870492251,-0.00117594870492213] width=3.79470760369927e-16 seconds=1.0002563
2 [-0.0011683950486699,-0.00116839504866952] width=3.79253919935429e-16 seconds=0.9220829
3 [-0.00115720168832724,-0.00115720168832686] width=3.77952877328447e-16 seconds=1.0281733
4 [-0.00114252965991257,-0.00114252965991219] width=3.76868675155961e-16 seconds=0.9291969
5 [-0.00112458794899218,-0.0011245879489918] width=3.74917111245487e-16 seconds=0.979078
6 [-0.00110362882557032,-0.00110362882556994] width=3.72965547335014e-16 seconds=0.8591565
7 [-0.00107994230739851,-0.00107994230739814] width=3.7101398342454e-16 seconds=0.9685218
8 [-0.00105384992989135,-0.00105384992989098] width=3.6797821734158e-16 seconds=1.0379003
9 [-0.00102569801954649,-0.00102569801954612] width=3.66026653431106e-16 seconds=0.9186398
10 [-0.000995850678810236,-0.000995850678809874] width=3.6277404691365e-16 seconds=0.9178575
11 [-0.000964682693530455,-0.000964682693530095] width=3.60171961699685e-16 seconds=0.9634528
12 [-0.00093257256964842,-0.000932572569648062] width=3.57461456268471e-16 seconds=0.9879082
13 [-0.00089989589404606,-0.000899895894045706] width=3.54208849751014e-16 seconds=1.0049757
14 [-0.000867019196172583,-0.00086701919617223] width=3.5225728584054e-16 seconds=0.9844677
15 [-0.000834294463110356,-0.000834294463110008] width=3.48896259105835e-16 seconds=0.9522024
16 [-0.000802054432138273,-0.000802054432137926] width=3.46836274978113e-16 seconds=0.9925908
17 [-0.000770608752754155,-0.000770608752753811] width=3.44451030198645e-16 seconds=0.9693434
18 [-0.000740241075739996,-0.000740241075739653] width=3.42607886505419e-16 seconds=1.0204113
19 [-0.000711207091445982,-0.000711207091445641] width=3.40656322594945e-16 seconds=0.889583
20 [-0.000683733504289082,-0.000683733504288743] width=3.38704758684472e-16 seconds=0.96232
21 [-0.0006580178967413,-0.000658017896740963] width=3.37186875642992e-16 seconds=0.9365565
22 [-0.000634229404995611,-0.000634229404995275] width=3.35452152167015e-16 seconds=0.9426871
23 [-0.000612510101125677,-0.000612510101125343] width=3.33825848908287e-16 seconds=1.0380069
25 [-0.000575724222798384,-0.000575724222798052] width=3.31874284997813e-16 seconds=0.8857453
24 [-0.000592976953853304,-0.000592976953852971] width=3.33066907387547e-16 seconds=1.0635381
27 [-0.000548339647047768,-0.000548339647047439] width=3.29489040218345e-16 seconds=0.944907
26 [-0.000560826129910221,-0.000560826129909891] width=3.30139561521836e-16 seconds=1.0136798
28 [-0.000538307240531947,-0.000538307240531619] width=3.28730098697605e-16 seconds=0.8951589
29 [-0.000530759421829384,-0.000530759421829056] width=3.28621678480356e-16 seconds=1.0513109
30 [-0.000525716967987464,-0.000525716967987136] width=3.27645896525119e-16 seconds=0.9023487
31 [-0.000523192695430329,-0.000523192695430002] width=3.27645896525119e-16 seconds=0.9766544
32 [-0.00210965551566004,-0.00210965551565957] width=4.69242700251726e-16 seconds=1.1061707
33 [-0.00210450890469598,-0.00210450890469551] width=4.68809019382732e-16 seconds=1.0717709
34 [-0.00209428507893801,-0.00209428507893754] width=4.6750797677575e-16 seconds=1.0638838
35 [-0.00207912136319002,-0.00207912136318956] width=4.65339572430779e-16 seconds=1.0724795
36 [-0.00205922012473926,-0.0020592201247388] width=4.64905891561784e-16 seconds=1.0970945
37 [-0.00203484456411818,-0.00203484456411772] width=4.59701721133854e-16 seconds=1.058576
38 [-0.00200631332044186,-0.0020063133204414] width=4.57533316788883e-16 seconds=1.0763321
39 [-0.001973994064819,-0.00197399406481854] width=4.562322741819e-16 seconds=1.1374912
40 [-0.00193829628346104,-0.00193829628346059] width=4.50377582450479e-16 seconds=1.0911067
41 [-0.00189966347161513,-0.00189966347161468] width=4.46474454629531e-16 seconds=1.0957232
42 [-0.00185856496991015,-0.00185856496990971] width=4.4278816724308e-16 seconds=1.0615136
43 [-0.00181548767619336,-0.00181548767619292] width=4.38234518118641e-16 seconds=1.0859598
44 [-0.00177092785891887,-0.00177092785891844] width=4.34114549863196e-16 seconds=1.1512403
45 [-0.00172538328342642,-0.00172538328342599] width=4.28693539000768e-16 seconds=1.1061202
46 [-0.00167934584105054,-0.00167934584105011] width=4.25224092048815e-16 seconds=1.0877143
47 [-0.00163329484410969,-0.00163329484410927] width=4.1958624075189e-16 seconds=1.1073286
48 [-0.00158769111870359,-0.00158769111870317] width=4.16333634234434e-16 seconds=1.0392233
49 [-0.00154297199318154,-0.00154297199318113] width=4.12647346847983e-16 seconds=1.1425178
50 [-0.00149954724440989,-0.00149954724440949] width=4.07876857289047e-16 seconds=1.0597232
51 [-0.00145779602779989,-0.00145779602779949] width=4.0462425077159e-16 seconds=1.1709215
52 [-0.00141806478164396,-0.00141806478164356] width=4.00721122950642e-16 seconds=1.0835244
53 [-0.00138066606276777,-0.00138066606276738] width=3.96817995129695e-16 seconds=1.0775982
54 [-0.00134587823987971,-0.00134587823987932] width=3.94432750350227e-16 seconds=1.1314124
55 [-0.00131394594423311,-0.00131394594423271] width=3.91396984267267e-16 seconds=1.1237955
56 [-0.00128508115514061,-0.00128508115514022] width=3.89445420356793e-16 seconds=1.1658218
57 [-0.00125946478118029,-0.00125946478117991] width=3.86626494708331e-16 seconds=1.0607201
58 [-0.00123724858713105,-0.00123724858713067] width=3.84674930797857e-16 seconds=1.0724246
59 [-0.00121855731209715,-0.00121855731209677] width=3.8294020732188e-16 seconds=1.0759746
60 [-0.00120349082604255,-0.00120349082604217] width=3.81856005149395e-16 seconds=1.1295177
61 [-0.00119212617994216,-0.00119212617994178] width=3.80771802976909e-16 seconds=1.0702014
62 [-0.00118451941862487,-0.00118451941862449] width=3.80771802976909e-16 seconds=1.0499206
63 [-0.00118070704456144,-0.00118070704456106] width=3.80121281673418e-16 seconds=1.1172556
64 [-0.00332924988274927,-0.00332924988274865] width=6.25367813089639e-16 seconds=1.0640621
65 [-0.00332264520041238,-0.00332264520041175] width=6.24500451351651e-16 seconds=1.0652388
66 [-0.00330952161479946,-0.00330952161479884] width=6.23633089613662e-16 seconds=1.0907658
67 [-0.00329004892840489,-0.00329004892840427] width=6.21031004399697e-16 seconds=1.0973591
68 [-0.00326447751704496,-0.00326447751704435] width=6.17127876578749e-16 seconds=1.0811672
69 [-0.00323313330418721,-0.0032331333041866] width=6.1409211049579e-16 seconds=1.04382
70 [-0.00319641133000527,-0.00319641133000467] width=6.08020578329871e-16 seconds=1.1374505
71 [-0.0031547681278749,-0.00315476812787429] width=6.03683769639929e-16 seconds=1.0818929
72 [-0.00310871315276143,-0.00310871315276084] width=5.95443833129039e-16 seconds=1.1395564
73 [-0.00305879952604154,-0.00305879952604095] width=5.8937230096312e-16 seconds=1.150164
74 [-0.00300561436961765,-0.00300561436961707] width=5.84601811404184e-16 seconds=1.0678348
75 [-0.00294976899930342,-0.00294976899930285] width=5.77229236631283e-16 seconds=1.1076234
76 [-0.00289188923452578,-0.00289188923452521] width=5.7072402359637e-16 seconds=1.0871963
77 [-0.00283260605992873,-0.00283260605992817] width=5.63785129692462e-16 seconds=1.1310502
78 [-0.00277254684620258,-0.00277254684620202] width=5.57279916657549e-16 seconds=1.0744894
79 [-0.00271232730417461,-0.00271232730417406] width=5.48172618408671e-16 seconds=1.1370155
80 [-0.00265254430958753,-0.00265254430958698] width=5.42534767111746e-16 seconds=1.0892363
81 [-0.00259376969762413,-0.00259376969762359] width=5.35162192338845e-16 seconds=1.1714317
82 [-0.00253654508749695,-0.00253654508749642] width=5.29958021910915e-16 seconds=1.142822
83 [-0.00248137775951834,-0.00248137775951781] width=5.23886489744996e-16 seconds=1.1600818
84 [-0.00242873757104512,-0.00242873757104461] width=5.17814957579077e-16 seconds=1.149811
85 [-0.00237905486445997,-0.00237905486445946] width=5.09575021068187e-16 seconds=1.188588
86 [-0.00233271929069959,-0.00233271929069908] width=5.07406616723216e-16 seconds=1.115469
87 [-0.00229007944645815,-0.00229007944645764] width=5.01768765426291e-16 seconds=1.242446
88 [-0.00225144320267305,-0.00225144320267256] width=4.97431956736349e-16 seconds=1.2518152
89 [-0.0022170785867243,-0.00221707858672381] width=4.9439619065339e-16 seconds=1.1472045
90 [-0.00218721507130832,-0.00218721507130783] width=4.90059381963448e-16 seconds=1.2415651
91 [-0.00216204511939836,-0.00216204511939787] width=4.87457296749483e-16 seconds=1.0876992
92 [-0.00214172583712277,-0.00214172583712229] width=4.85722573273506e-16 seconds=0.9778736
93 [-0.00212638059464081,-0.00212638059464033] width=4.83987849797529e-16 seconds=0.8985374
94 [-0.00211610048883602,-0.00211610048883554] width=4.83987849797529e-16 seconds=0.9635118
95 [-0.00211094554034233,-0.00211094554034185] width=4.82686807190547e-16 seconds=0.9300533
96 [-0.00487432008845678,-0.00487432008845591] width=8.6909646146438e-16 seconds=0.9397533
97 [-0.00486601365751437,-0.00486601365751351] width=8.65627014512427e-16 seconds=0.9911936
98 [-0.00484950792961079,-0.00484950792960992] width=8.64759652774438e-16 seconds=1.0260567
99 [-0.00482501492969675,-0.00482501492969589] width=8.60422844084496e-16 seconds=0.9986624
100 [-0.00479284717477539,-0.00479284717477454] width=8.49147141490647e-16 seconds=0.9331632
101 [-0.00475341128744633,-0.00475341128744548] width=8.48279779752659e-16 seconds=0.9255127
102 [-0.00470719986049178,-0.00470719986049094] width=8.37871438896798e-16 seconds=0.9395174
103 [-0.00465478186624035,-0.00465478186623952] width=8.30065183254902e-16 seconds=0.9271374
104 [-0.004596791942056,-0.00459679194205518] width=8.19656842399041e-16 seconds=0.9161791
105 [-0.0045339189025328,-0.00453391890253199] width=8.10115863281169e-16 seconds=0.9541501
106 [-0.00446689383052608,-0.00446689383052528] width=7.97972798949331e-16 seconds=0.9457867
107 [-0.0043964780849559,-0.00439647808495511] width=7.86697096355482e-16 seconds=0.9572956
108 [-0.00432345153616192,-0.00432345153616114] width=7.75421393761633e-16 seconds=0.9561704
109 [-0.00424860130267402,-0.00424860130267326] width=7.59808882477842e-16 seconds=0.9311507
110 [-0.00417271121982976,-0.00417271121982901] width=7.47665818146004e-16 seconds=0.9142196
111 [-0.0040965522237012,-0.00409655222370046] width=7.36390115552155e-16 seconds=0.9322043
112 [-0.00402087378582341,-0.00402087378582268] width=7.25114412958305e-16 seconds=0.9325312
113 [-0.00394639648725261,-0.00394639648725189] width=7.14706072102445e-16 seconds=0.92623
114 [-0.00387380577600639,-0.00387380577600569] width=7.01261965163624e-16 seconds=0.9267885
115 [-0.00380374691098189,-0.00380374691098119] width=6.92154666914746e-16 seconds=0.9265047
116 [-0.00373682105868202,-0.00373682105868134] width=6.7914424084492e-16 seconds=0.9035459
117 [-0.00367358247692968,-0.00367358247692901] width=6.69603261727048e-16 seconds=0.9830955
118 [-0.00361453669248043,-0.00361453669247976] width=6.63098048692135e-16 seconds=0.9564366
119 [-0.00356013955723944,-0.00356013955723878] width=6.55291793050239e-16 seconds=0.9285693
120 [-0.00351079705078566,-0.00351079705078502] width=6.48786580015326e-16 seconds=0.8944303
121 [-0.00346686568521606,-0.00346686568521541] width=6.43148728718401e-16 seconds=1.0330534
122 [-0.00342865336202193,-0.00342865336202129] width=6.37077196552482e-16 seconds=0.8852273
123 [-0.00339642052981606,-0.00339642052981543] width=6.3274038786254e-16 seconds=0.8934097
124 [-0.0033703814961764,-0.00337038149617577] width=6.30138302648575e-16 seconds=0.9348912
125 [-0.0033507057564757,-0.00335070575647508] width=6.25801493958633e-16 seconds=0.9779987
126 [-0.0033375192170019,-0.00333751921700127] width=6.26235174827627e-16 seconds=0.9495957
127 [-0.00333090520846147,-0.00333090520846084] width=6.25801493958633e-16 seconds=0.6721749
SUMMARY wall=66.0236021 cpu=66.023 max_rss_kib=0 threads=2 stopped=0 failed=0
