PREFLIGHT {'exact_probability_calibration': True, 'exact_normalization': True, 'independent_jet_errors': [4.0245584642661925e-16, 2.914335439641036e-16, 4.996003610813204e-16], 'fd1_error': 1.5847429410409397e-09, 'fd2_error': 6.241874173085193e-08, 'normalization_jet': [2.220446049250313e-16, 1.249000902703301e-16, 1.6653345369377348e-16]}
{
  "center_count": 24,
  "direction_count": 129,
  "best": {
    "center": "r2s0",
    "mode": "max_full",
    "A": [
      [
        0.4666666666666666,
        4.4408920985006264e-17,
        -0.13333333333333336
      ],
      [
        4.4408920985006264e-17,
        0.33333333333333337,
        0.13333333333333336
      ],
      [
        -0.13333333333333336,
        0.13333333333333336,
        0.4
      ]
    ],
    "V": [
      [
        0.12606226615795174,
        0.5172258494266924,
        0.287998915667405
      ],
      [
        0.5172258494266924,
        -0.28053196772145383,
        -0.2845832888312531
      ],
      [
        0.287998915667405,
        -0.2845832888312531,
        0.20616234887073137
      ]
    ],
    "fisher": [
      0.028030515258317335,
      0.09299792923438203,
      0.15716800271633063,
      0.03654487562922124
    ],
    "log_acceleration": [
      -1.1906192280383443,
      2.9508558822500977,
      -0.5124649959840635,
      -1.3618134155275665
    ],
    "curvature": [
      -1.2186497432966616,
      2.8578579530157158,
      -0.6696329987003942,
      -1.3983582911567878
    ],
    "total": -0.4287830801381278,
    "geometry": -0.5241674544936169,
    "low_fisher": 0.27819644720903003,
    "top_geometry_over_fisher": -14.343117755051086,
    "commutator_norm": 0.2518064407630651,
    "spectrum": [
      0.19999999999999996,
      0.4000000000000001,
      0.6
    ],
    "symmetric_step_limit": 0.5788754722173266
  },
  "top_excess": {
    "center": "r1s6",
    "mode": "max_geometry_per_low_fisher",
    "A": [
      [
        0.6185714285714285,
        0.051428571428571365,
        0.04285714285714286
      ],
      [
        0.051428571428571365,
        0.7214285714285713,
        0.008571428571428568
      ],
      [
        0.04285714285714287,
        0.008571428571428605,
        0.66
      ]
    ],
    "V": [
      [
        0.6291943378159716,
        -0.08426807489122194,
        -0.05323377929040774
      ],
      [
        -0.08426807489122194,
        0.4958240210472843,
        0.00212382138612885
      ],
      [
        -0.05323377929040774,
        0.00212382138612885,
        0.5817165261288681
      ]
    ],
    "fisher": [
      0.9237349677778758,
      1.5206284560403374,
      0.005058574381030654,
      2.0237515414470866
    ],
    "log_acceleration": [
      2.0679681582438394,
      0.17757430287823564,
      -5.881366925509063,
      4.066468758574483
    ],
    "curvature": [
      1.1442331904659637,
      -1.3430541531621016,
      -5.886425499890094,
      2.042717217127396
    ],
    "total": -4.0425292454588355,
    "geometry": 2.4662715677476394,
    "low_fisher": 2.4494219981992438,
    "top_geometry_over_fisher": 1.218663218896984,
    "commutator_norm": 0.004377994786552125,
    "spectrum": [
      0.58,
      0.67,
      0.7499999999999994
    ],
    "symmetric_step_limit": 0.5449227632766321
  },
  "certificates": [
    {
      "name": "representative_best_full",
      "curvature_interval": "[-0.428783069796031515202090761419346394606731917094302879498677288683321410529, -0.428783069796031515202090761419346394606731917094302879498677288683320767576]",
      "chord_interval": "[-0.0000214525783037143684483178819437274885984906672007855896613461341935163489811, -0.0000214525783037143684483178819437274885984906672007855896613461341918863267469]"
    },
    {
      "name": "representative_noncommuting_top_excess",
      "curvature_interval": "[-4.04252934872123184469872947909613722483145095484549781877810728286022853486, -4.0425293487212318446987294790961372248314509548454978187781072828602263615]",
      "chord_interval": "[-0.000202134709852316849165299625009110690997070459149483399017887341969848240605, -0.000202134709852316849165299625009110690997070459149483399017887341968508000102]"
    }
  ]
}
