{
  "python": "3.12.3",
  "sympy": "1.14.0",
  "mpmath": "1.3.0",
  "exact_probability_identity": true,
  "normalization": true,
  "weighted_log_cancellation": true,
  "noncommuting": true,
  "J": "1.062523767816985629165697394598826244860206849576308873398757432330972",
  "constant": "-3.380298546449535850812117536551639866663065992700670896106992175073479"
}
{
  "e": "1/100",
  "layers_Fisher_log_total": {
    "0": [
      "-0.00453943099081987970876859765748654637543526432415321304210193099081988",
      "-0.8368073952299713650218475653704882184403296359742071206977158238776624",
      "-0.8413468262207912447306161630279747648157649002983603337398177548684823"
    ],
    "1": [
      "-3.405899475092639450911325184076432533408267172473499105950029539311943",
      "-24.95974450396824924323760286827681686798833396636181916215344687697495",
      "-28.3656439790608886941489280523532494013966011388353182681034764162869"
    ],
    "2": [
      "-104.8770417655980044397405410744694891712901725031327825544765944001392",
      "30.28304171655452314251546147901211664423253246624691047330020222409274",
      "-74.59400004904348129722507959545737252705764003688587208117639217604647"
    ],
    "3": [
      "-0.4573997972520555976572348166293627854480688294761826296302549398450631",
      "-5.412402052481138908868826550149090522488462453703491575023978038028786",
      "-5.869801849733194506526061366778453307936531283179674204654232977873849"
    ]
  },
  "H2": "-109.6707927040583557426306851776170500012065373591992248876739193250757",
  "finite_difference_error": "-0.000000000009524788824549492951540426847038078502194191828986219904825417078571947",
  "asymptotic_remainder_divided_by_e": "-3.811737591025697524882818118278564852278640886766665169118391690501675"
}
{
  "e": "1/1000",
  "layers_Fisher_log_total": {
    "0": [
      "-0.000453943099081987970876859765748654637543526432415321304210193099081988",
      "-0.1287730309274638644808704225246176209095545344164008495170909204483812",
      "-0.1292269740265458524517472822903662755470980608488161708213011135474632"
    ],
    "1": [
      "-3.371673554481026711055560996411300618445510551475193527036618567334036",
      "-39.52057694341479224575868871784587333356887637066125525673588718674012",
      "-42.89225049789581895681424971425717395201438692213644878377250575407415"
    ],
    "2": [
      "-1061.163388725998216232405010943964867514933428877238864503646058442626",
      "44.13335308561278215525852896149090350760352082474696238360873436780887",
      "-1017.030035640385434077146481982473964007329908052491902120037324074818"
    ],
    "3": [
      "-0.445723977716034817397108088212087043315703965963410783947774275623934",
      "-5.410573214828644909346384590916917790371964049653530196367398663897241",
      "-5.856297192544679726743492679129004833687668015616940980315172939521175"
    ]
  },
  "H2": "-1065.90781030485247861315597165815050906857906105109410805494630388196",
  "finite_difference_error": "-0.00000000008526711819110949043044260635629939802744331788593818440384131587730492",
  "asymptotic_remainder_divided_by_e": "-3.743941417313596646459522772624341709145482084563760081879375914812645"
}
{
  "e": "1/10000",
  "layers_Fisher_log_total": {
    "0": [
      "-0.0000453943099081987970876859765748654637543526432415321304210193099081988",
      "-0.01738653223319305924595560885121864199750761052353809869644102585089962",
      "-0.01743192654310125804304329482779350746126196316677963082686204516080782"
    ],
    "1": [
      "-3.368301674236415776644660835247321049014223821610217929047615813983223",
      "-52.85836909135167520302187514076727232116709964574582840725592380376561",
      "-56.22667076558809097966653597601459337018132346735604633630353961774883"
    ],
    "2": [
      "-10623.87878443228295066727609901223982328615477051286782669455534489078",
      "57.35933272164245354779129892918192925114996835630268096733333703508456",
      "-10566.5194517106404971194848000830578940350048021565651457272220078557"
    ],
    "3": [
      "-0.4445722397572267244029539448478962200005301889449862369714157714977669",
      "-5.410223801425199319915454424729294790274548230688617808847670419906024",
      "-5.854796041182426044318408369577191010275078419633604045819086191403791"
    ]
  },
  "H2": "-10628.61835044395411540151278772347747192292246600672157574017149571001",
  "finite_difference_error": "-0.0000000008427655533710794148635570701358344191496415800404877493967669501363923",
  "asymptotic_remainder_divided_by_e": "-3.737276482878937267241986633834541909042509321708564901802252165258213"
}
