PID 165426
PYTHON 3.12.3 (main, Mar  3 2026, 12:15:18) [GCC 13.3.0]
PLATFORM Linux-6.8.0-79-generic-x86_64-with-glibc2.39
MPMATH 1.3.0
THREAD_ENV {'OMP_NUM_THREADS': '1', 'OPENBLAS_NUM_THREADS': '1', 'MKL_NUM_THREADS': '1', 'NUMEXPR_NUM_THREADS': '1'}
lam,s,kstar,C(kstar) 0.7 0.4 2.45048912533725948929463358161 -6.84596646231950033386953217775e-82

POINT eps 1e-20 kappa 2.45 L 46.0517018598809137
p rare ['2.015e-20', '2.8e-21', '4.2e-21', '7.0e-41']
N det scale d/(m^2*a*L) 0.98740940135031002084
L*gTh 0.0401124699301406949374426265065 C 0.0000463413708539232089858672469513 diff*L 1.8451134070919344181
beta scaled 0.0401124699301406949366232310769
dalpha correction L*(1-dalpha) 1.40271871145383688869506642653 target 1.42857142857142857142857142857
h scaled [U,T,Q,V,W,Z0] ['0.515545113158', '-6.40257908453e-20', '0.727220130789', '0.0360782972921', '3.86715428087e-18', '-0.14942518968']
M_U_T -1.6086526502659595093e-18
M_U_Q 1.4285714285714285715
M_T_W -6.5639771907832919049e-10
M_U_W 4.7413572610391171437e-30
M_Q_V -5.3687992139769950605e-10
M_Q_W -2.1918031009498397305e-10
M_Q_Z0 1.7149999999999999999
S11 det matrix/formula 6.24103255145085432940630324669 6.24103255145085432940630324669
S11 sol v,z -0.0000266592546609947532110192112424 -0.286462103000326993623571774451
actual v,z 0.0360782972921230287301081625086 -0.14942518967952748554127171511

POINT eps 1e-30 kappa 2.45 L 69.0775527898213705
p rare ['2.015e-30', '2.8e-31', '4.2e-31', '7.0e-61']
N det scale d/(m^2*a*L) 0.99160626756687334721
L*gTh 0.0268054600579612464655168117745 C 0.0000463413708539232089858672469513 diff*L 1.8484544337177516472
beta scaled 0.0268054600579612464655168117745
dalpha correction L*(1-dalpha) 1.41123168528146178222749249876 target 1.42857142857142857142857142857
h scaled [U,T,Q,V,W,Z0] ['0.518673910129', '-9.43406065268e-30', '0.734743285867', '0.0240868998286', '9.06292654954e-28', '-0.194924010734']
M_U_T -2.4147972203701797351e-28
M_U_Q 1.4285714285714285714
M_T_W -6.5639771907832919055e-15
M_U_W 4.7413572610391171445e-45
M_Q_V -5.3687992139769950611e-15
M_Q_W -2.1918031009498397307e-15
M_Q_Z0 1.715
S11 det matrix/formula 6.24103255145085432940630324669 6.24103255145085432940630324669
S11 sol v,z -0.0000266592546609947532110192112424 -0.286462103000326993623571774451
actual v,z 0.0240868998286435249529442470936 -0.194924010733596713001686287554

POINT eps 1e-40 kappa 2.45 L 92.1034037197618274
p rare ['2.015e-40', '2.8e-41', '4.2e-41', '7.0e-81']
N det scale d/(m^2*a*L) 0.99370470067515501041
L*gTh 0.0201342543986546786609578743456 C 0.0000463413708539232089858672469513 diff*L 1.8501651634869961719
beta scaled 0.0201342543986546786609578743456
dalpha correction L*(1-dalpha) 1.41552703848825560817731711333 target 1.42857142857142857142857142857
h scaled [U,T,Q,V,W,Z0] ['0.520252593251', '-1.24608282443e-39', '0.738539210646', '0.0180752490564', '1.64370367888e-37', '-0.217739468757']
M_U_T -3.2209417904743999607e-38
M_U_Q 1.4285714285714285714
M_T_W -6.5639771907832919055e-20
M_U_W 4.7413572610391171445e-60
M_Q_V -5.3687992139769950611e-20
M_Q_W -2.1918031009498397307e-20
M_Q_Z0 1.715
S11 det matrix/formula 6.24103255145085432940630324669 6.24103255145085432940630324669
S11 sol v,z -0.0000266592546609947532110192112424 -0.286462103000326993623571774451
actual v,z 0.0180752490564031583993658228436 -0.21773946875729993451927346877

POINT eps 1e-30 kappa 2.45048912533725949 L 69.0775527898213705
p rare ['2.01534238774e-30', '2.8e-31', '4.2e-31', '7.0e-61']
N det scale d/(m^2*a*L) 0.99160626756687334721
L*gTh 0.0267581268824230141268851754786 C -3.42298323115975016693476608887e-81 diff*L 1.8483859222773140912
beta scaled 0.0267581268824230141268851754785
dalpha correction L*(1-dalpha) 1.41123168528146178222749249876 target 1.42857142857142857142857142857
h scaled [U,T,Q,V,W,Z0] ['0.518627644341', '-9.43335777859e-30', '0.73467774666', '0.0241143854384', '9.06314965872e-28', '-0.194956554808']
M_U_T -2.4150620344206459821e-28
M_U_Q 1.4285714285714285714
M_T_W -6.5664039264055520367e-15
M_U_W 4.744151513681443187e-45
M_Q_V -5.3704070589494023366e-15
M_Q_W -2.1924595009111559179e-15
M_Q_Z0 1.7153423877360816425
S11 det matrix/formula 6.24135786437142910756534995022 6.24135786437142910756534995022
S11 sol v,z 2.75406773058101024418625883466e-81 -0.286506790802061231879682630348
actual v,z 0.0241143854383534685790781480797 -0.194956554808433250138986679135

BRACKET eps 1e-10 beta1 1.09391815376e-12 beta10 -8.54579939463e-13
ROOT eps 1e-10 root 3.39964680938580526364223601868 delta*L 21.8551633419093380357335469846 dalpha 0.940163555483823733190393277471 L*(1-dalpha) 1.37778505160712784218301872563 beta 2.889607971709635059e-43

BRACKET eps 1e-20 beta1 4.63352574427e-23 beta10 -4.80726129979e-23
ROOT eps 1e-20 root 2.89988944099977881442749046754 delta*L 20.6956493526267109078693497204 dalpha 0.969540350197657945657819627413 L*(1-dalpha) 1.40271871145383688871351956626 beta -3.8700848155444842867e-53

BRACKET eps 1e-30 beta1 2.90225381687e-33 beta10 -3.32474072297e-33
ROOT eps 1e-30 root 2.74465284688291779497176586955 delta*L 20.3201100039205256932582695744 dalpha 0.979570328879841153913217099857 L*(1-dalpha) 1.41123168528146178222749249876 beta 1.5539821465295263259e-64
