{
  "status": "PASS",
  "python": "3.12.3",
  "sympy": "1.14.0",
  "mpmath": "1.3.0",
  "numpy": "2.5.3",
  "pid": 163018,
  "noncommutator_squared": "88797116173/103887463680000",
  "identity_event_count": 32,
  "positive_support": 26,
  "jet_sums": [
    "1",
    "0",
    "0"
  ],
  "weighted_second_sum": "0",
  "layers": [
    {
      "cardinality": 0,
      "mass": "7007/108000",
      "fisher": "0.00064632898653285689183999522155728729232291461413844667810624787856204933490428073",
      "log_acceleration": "-0.120808552658078232049719610607003242337089275559167252369009353587199470179747",
      "curvature": "-0.12145488164461108894155960582856052962941219017330569904711560146576151951465129"
    },
    {
      "cardinality": 1,
      "mass": "2409/8000",
      "fisher": "0.12336813623635017260010940861173287542483530858242482892457503557640479438234001",
      "log_acceleration": "0.076920093850123013297038750965533845944890792560400291894151741378002161592196314",
      "curvature": "-0.046448042386227159303070657646199029479944516022024537030423294198402632790143699"
    },
    {
      "cardinality": 2,
      "mass": "491/1125",
      "fisher": "0.14066706488966853801097428124333319092184218634132415949708340349851992297687594",
      "log_acceleration": "0.2144328893445650256477522857187971224284782800977174643023373439062541648603428",
      "curvature": "0.073765824454896487636778004475463931506636093756393304805253940407734241883466865"
    },
    {
      "cardinality": 3,
      "mass": "42671/216000",
      "fisher": "0.0041074295546175089436543128968675815258025436120407166094154693191287353376582373",
      "log_acceleration": "-0.19081238124831153761870898666347284458455396282840006606608237709132595403697905",
      "curvature": "-0.19491981080292904656236329956034042611035650644044078267549784641045468937463728"
    }
  ],
  "differences": [
    {
      "h": "1/1000",
      "finite_difference": "-0.2890569237543698518826305122960697725528566052572089136822027573035856979781066",
      "analytic": "-0.2890569103788708071702155585596360537130771188793777139477828016668845997959654",
      "error": "-0.00000001337549904471241495373643371883977948637783119973441995563670109818214119659538"
    },
    {
      "h": "1/10000",
      "finite_difference": "-0.28905691051262578312081131431402569555983155419769269697699681007944728107278718",
      "analytic": "-0.2890569103788708071702155585596360537130771188793777139477828016668845997959654",
      "error": "-0.00000000013375497595059575575438964184675443531831498302921400841256268127682177627195541"
    },
    {
      "h": "1/100000",
      "finite_difference": "-0.28905691038020835692827186349646001674937905526207479515184763881935064234070466",
      "analytic": "-0.2890569103788708071702155585596360537130771188793777139477828016668845997959654",
      "error": "-0.0000000000013375497580563049368239630363019363826970812040648371524660425447392534437822532"
    }
  ],
  "uniform_cone": {
    "m": 1,
    "M": 2,
    "log_bound": 10,
    "min_normalized_mass_lower": "441/1092025",
    "radius": "1/1971200",
    "curvature_upper": "-kappa/(16*e) * ||V||_F^2"
  }
}
kappa 1/22 radius 1/1971200
