{"index": 0, "frame": 0, "spectrum": "isotropic", "lambda_max": -0.6024093170412088, "top_acceleration": -0.18574265034268755}
{"index": 1, "frame": 0, "spectrum": "moderate", "lambda_max": -1.2625208423835623, "top_acceleration": -0.37128726960374153}
{"index": 2, "frame": 0, "spectrum": "sparse", "lambda_max": -4.430666459944794, "top_acceleration": -0.8709872061949604}
{"index": 3, "frame": 0, "spectrum": "dense", "lambda_max": -14.91702183530215, "top_acceleration": -1.2462296540519324}
{"index": 4, "frame": 0, "spectrum": "one_zero", "lambda_max": -0.08967130918658986, "top_acceleration": -0.04197925964361126}
{"index": 5, "frame": 0, "spectrum": "two_zero", "lambda_max": -5.290269101897281, "top_acceleration": 0.08901987892806786}
{"index": 6, "frame": 0, "spectrum": "one_one", "lambda_max": -3.0582235525130765, "top_acceleration": -1.0140888677037836}
{"index": 7, "frame": 0, "spectrum": "two_one", "lambda_max": -5.291168091216253, "top_acceleration": 0.08744209538357549}
{"index": 8, "frame": 0, "spectrum": "split_extreme", "lambda_max": -3.9813933239601638, "top_acceleration": 0.0330678275404424}
{"index": 9, "frame": 0, "spectrum": "split_low", "lambda_max": -11.79757335475766, "top_acceleration": -9.774656766869429}
{"index": 10, "frame": 0, "spectrum": "split_high", "lambda_max": -9.065615865465384, "top_acceleration": -7.079077234102772}
{"index": 11, "frame": 0, "spectrum": "cluster_mid", "lambda_max": -0.6912937995882912, "top_acceleration": -0.1991161948710327}
{"index": 12, "frame": 1, "spectrum": "isotropic", "lambda_max": -0.023370328019005557, "top_acceleration": -0.007981768975007809}
{"index": 13, "frame": 1, "spectrum": "moderate", "lambda_max": -0.6987509273678688, "top_acceleration": -0.25495492629214106}
{"index": 14, "frame": 1, "spectrum": "sparse", "lambda_max": -4.806899912550645, "top_acceleration": -0.9120418295312389}
{"index": 15, "frame": 1, "spectrum": "dense", "lambda_max": -10.20214345707832, "top_acceleration": -1.6898042869478545}
{"index": 16, "frame": 1, "spectrum": "one_zero", "lambda_max": -1.356683419315824, "top_acceleration": -0.5928275136865194}
{"index": 17, "frame": 1, "spectrum": "two_zero", "lambda_max": -5.2872099670067225, "top_acceleration": 0.09652647824774212}
{"index": 18, "frame": 1, "spectrum": "one_one", "lambda_max": -0.6285647028822199, "top_acceleration": -0.28495893871176387}
{"index": 19, "frame": 1, "spectrum": "two_one", "lambda_max": -5.2874794121441075, "top_acceleration": 0.095909119022846}
{"index": 20, "frame": 1, "spectrum": "split_extreme", "lambda_max": -3.9750680428329352, "top_acceleration": 0.033300343386401816}
{"index": 21, "frame": 1, "spectrum": "split_low", "lambda_max": -11.166320059720464, "top_acceleration": -9.147017802396316}
{"index": 22, "frame": 1, "spectrum": "split_high", "lambda_max": -10.509384291728416, "top_acceleration": -8.483721435326814}
{"index": 23, "frame": 1, "spectrum": "cluster_mid", "lambda_max": -0.030540163464831446, "top_acceleration": -0.010054235635380866}
{"index": 24, "frame": 2, "spectrum": "isotropic", "lambda_max": -0.33607896389605296, "top_acceleration": -0.1022928123478775}
{"index": 25, "frame": 2, "spectrum": "moderate", "lambda_max": -1.2657152698018097, "top_acceleration": -0.480651977014745}
{"index": 26, "frame": 2, "spectrum": "sparse", "lambda_max": -10.575179891170203, "top_acceleration": -1.6472504975385653}
{"index": 27, "frame": 2, "spectrum": "dense", "lambda_max": -6.511699209841442, "top_acceleration": -0.5152287800808556}
{"index": 28, "frame": 2, "spectrum": "one_zero", "lambda_max": -2.9910803703190085, "top_acceleration": -0.8347670932751734}
{"index": 29, "frame": 2, "spectrum": "two_zero", "lambda_max": -5.293901527886882, "top_acceleration": 0.08117824296126407}
{"index": 30, "frame": 2, "spectrum": "one_one", "lambda_max": -1.5371943888585895, "top_acceleration": -0.5440465979842495}
{"index": 31, "frame": 2, "spectrum": "two_one", "lambda_max": -5.295697580245921, "top_acceleration": 0.07704719721325562}
{"index": 32, "frame": 2, "spectrum": "split_extreme", "lambda_max": -3.992757009761553, "top_acceleration": 0.014752222647303432}
{"index": 33, "frame": 2, "spectrum": "split_low", "lambda_max": -5.898817781460211, "top_acceleration": -3.9489076164853847}
{"index": 34, "frame": 2, "spectrum": "split_high", "lambda_max": -11.584539291475808, "top_acceleration": -9.587719116952808}
{"index": 35, "frame": 2, "spectrum": "cluster_mid", "lambda_max": -0.3742773325633388, "top_acceleration": -0.10682556933637867}
{"index": 36, "frame": 3, "spectrum": "isotropic", "lambda_max": -0.034103972874147535, "top_acceleration": -0.010364845632062686}
{"index": 37, "frame": 3, "spectrum": "moderate", "lambda_max": -1.1857999416790046, "top_acceleration": -0.3861729782120227}
{"index": 38, "frame": 3, "spectrum": "sparse", "lambda_max": -0.8248860176388189, "top_acceleration": -0.1264970727195689}
{"index": 39, "frame": 3, "spectrum": "dense", "lambda_max": -5.334358269681432, "top_acceleration": -1.0593231522894127}
{"index": 40, "frame": 3, "spectrum": "one_zero", "lambda_max": -1.6373191379201857, "top_acceleration": -0.569092061197287}
{"index": 41, "frame": 3, "spectrum": "two_zero", "lambda_max": -5.294413284130821, "top_acceleration": 0.0794210427895718}
{"index": 42, "frame": 3, "spectrum": "one_one", "lambda_max": -2.23068769212277, "top_acceleration": -0.7220793481260014}
{"index": 43, "frame": 3, "spectrum": "two_one", "lambda_max": -5.293797216333805, "top_acceleration": 0.081342817198388}
{"index": 44, "frame": 3, "spectrum": "split_extreme", "lambda_max": -3.917319187593646, "top_acceleration": 0.0815825769217055}
{"index": 45, "frame": 3, "spectrum": "split_low", "lambda_max": -11.658818260379153, "top_acceleration": -9.638703862353438}
{"index": 46, "frame": 3, "spectrum": "split_high", "lambda_max": -9.481596460656911, "top_acceleration": -7.551486418294764}
{"index": 47, "frame": 3, "spectrum": "cluster_mid", "lambda_max": -0.03953565584262366, "top_acceleration": -0.01201516356164827}
{"index": 48, "frame": 4, "spectrum": "isotropic", "lambda_max": -0.017906046570135996, "top_acceleration": -0.006618767867259955}
{"index": 49, "frame": 4, "spectrum": "moderate", "lambda_max": -0.9660152379063552, "top_acceleration": -0.3500176065812541}
{"index": 50, "frame": 4, "spectrum": "sparse", "lambda_max": -9.322996785705028, "top_acceleration": -1.5611362840902665}
{"index": 51, "frame": 4, "spectrum": "dense", "lambda_max": -2.287898693079198, "top_acceleration": -0.4044203773022729}
{"index": 52, "frame": 4, "spectrum": "one_zero", "lambda_max": -2.7122372399018815, "top_acceleration": -0.8041571288080783}
{"index": 53, "frame": 4, "spectrum": "two_zero", "lambda_max": -5.283508229938687, "top_acceleration": 0.10496273168473153}
{"index": 54, "frame": 4, "spectrum": "one_one", "lambda_max": -1.0310540781029718, "top_acceleration": -0.3763799734839334}
{"index": 55, "frame": 4, "spectrum": "two_one", "lambda_max": -5.294053552095268, "top_acceleration": 0.08080622048416543}
{"index": 56, "frame": 4, "spectrum": "split_extreme", "lambda_max": -3.977661513783111, "top_acceleration": 0.030969622957546416}
{"index": 57, "frame": 4, "spectrum": "split_low", "lambda_max": -11.755639710634128, "top_acceleration": -9.732865574336381}
{"index": 58, "frame": 4, "spectrum": "split_high", "lambda_max": -11.660239667344499, "top_acceleration": -9.636495859199634}
{"index": 59, "frame": 4, "spectrum": "cluster_mid", "lambda_max": -0.02262381980548226, "top_acceleration": -0.007996097389373891}
{"index": 60, "frame": 5, "spectrum": "isotropic", "lambda_max": -0.33596151188577184, "top_acceleration": -0.0994016650955137}
{"index": 61, "frame": 5, "spectrum": "moderate", "lambda_max": -1.3207922203674736, "top_acceleration": -0.45233781104671583}
{"index": 62, "frame": 5, "spectrum": "sparse", "lambda_max": -7.865593292768565, "top_acceleration": -1.4096543397052124}
{"index": 63, "frame": 5, "spectrum": "dense", "lambda_max": -16.44895240873534, "top_acceleration": -1.2030859392382782}
{"index": 64, "frame": 5, "spectrum": "one_zero", "lambda_max": -2.36700033661257, "top_acceleration": -0.9212285604468508}
{"index": 65, "frame": 5, "spectrum": "two_zero", "lambda_max": -5.297478101813987, "top_acceleration": 0.07244120104287864}
{"index": 66, "frame": 5, "spectrum": "one_one", "lambda_max": -3.0672558051803023, "top_acceleration": -0.8551842029796192}
{"index": 67, "frame": 5, "spectrum": "two_one", "lambda_max": -5.296886476282446, "top_acceleration": 0.07417980789960253}
{"index": 68, "frame": 5, "spectrum": "split_extreme", "lambda_max": -3.988260372054488, "top_acceleration": 0.028193471004667854}
{"index": 69, "frame": 5, "spectrum": "split_low", "lambda_max": -10.6520394974901, "top_acceleration": -8.630620784788894}
{"index": 70, "frame": 5, "spectrum": "split_high", "lambda_max": -10.567670078902019, "top_acceleration": -8.551079494579776}
{"index": 71, "frame": 5, "spectrum": "cluster_mid", "lambda_max": -0.3814105548561459, "top_acceleration": -0.10701821690886162}
{"status": "COMPLETED", "pid": 161087, "seed": 202609090427, "source_sha256": "c2f0c79dd5662a5435b53483c7acd4265f107472849d5458765c05b87d30934a", "python": "3.12.3 (main, Mar  3 2026, 12:15:18) [GCC 13.3.0]", "numpy": "2.5.3", "scipy": "1.18.1", "mpmath": "1.4.1", "precision_digits": 60, "platform": "Linux-6.8.0-79-generic-x86_64-with-glibc2.39", "argv": ["face_search.py", "--out", "F1"], "thread_limits": {"OMP_NUM_THREADS": "1", "OPENBLAS_NUM_THREADS": "1", "MKL_NUM_THREADS": "1", "NUMEXPR_NUM_THREADS": "1"}, "prescribed_centers": 72, "full_event_handling": "structural zero excluded before all arithmetic", "classification": "high precision numerical scout, no rigorous log enclosure, no class conclusion", "counts": {"center_attempts": 72, "center_completed": 72, "proper_event_jet_calls": 1080, "hessian_calls": 72, "entropy_calls": 504, "proper_entropy_determinants": 7560, "chord_calls": 216, "exact_endpoint_pd_checks": 864, "exact_jet_selfchecks": 16}, "elapsed_seconds": 5.626108407974243, "exit_status": 0, "candidate_files": [], "failures": []}
