{"index": 0, "frame": 0, "spectrum": "moderate", "lambda_max": -1.153163225308265, "entropy_q": "1.900161876460949643969952968460141554985782517572073639"}
{"index": 1, "frame": 0, "spectrum": "sparse", "lambda_max": -4.510143397346608, "entropy_q": "1.900161876460949643969952968460141554985782517572073639"}
{"index": 2, "frame": 0, "spectrum": "dense", "lambda_max": -19.08280339151285, "entropy_q": "1.900161876460949643969952968460141554985782517572073639"}
{"index": 3, "frame": 0, "spectrum": "one_zero", "lambda_max": -2.338763604106824, "entropy_q": "1.900161876460949643969952968460141554985782517572073639"}
{"index": 4, "frame": 0, "spectrum": "two_zero", "lambda_max": -5.294264971824517, "entropy_q": "1.900161876460949643969952968460141554985782517572073639"}
{"index": 5, "frame": 0, "spectrum": "one_one", "lambda_max": -2.5648301360152663, "entropy_q": "1.900161876460949643969952968460141554985782517572073639"}
{"index": 6, "frame": 0, "spectrum": "split_extreme", "lambda_max": -3.990552676282527, "entropy_q": "1.900161876460949643969952968460141554985782517572073639"}
{"index": 7, "frame": 0, "spectrum": "cluster_mid", "lambda_max": -0.3943419339175157, "entropy_q": "1.900161876460949643969952968460141554985782517572073639"}
{"index": 8, "frame": 1, "spectrum": "moderate", "lambda_max": -0.6628772760956627, "entropy_q": "1.715884041676051009723458490478178207729213139726562428"}
{"index": 9, "frame": 1, "spectrum": "sparse", "lambda_max": -5.816686856392583, "entropy_q": "1.715884041676051009723458490478178207729213139726562428"}
{"index": 10, "frame": 1, "spectrum": "dense", "lambda_max": -12.294882532269304, "entropy_q": "1.715884041676051009723458490478178207729213139726562428"}
{"index": 11, "frame": 1, "spectrum": "one_zero", "lambda_max": -2.343842666189755, "entropy_q": "1.715884041676051009723458490478178207729213139726562428"}
{"index": 12, "frame": 1, "spectrum": "two_zero", "lambda_max": -5.291202790996234, "entropy_q": "1.715884041676051009723458490478178207729213139726562428"}
{"index": 13, "frame": 1, "spectrum": "one_one", "lambda_max": -1.4062668825386027, "entropy_q": "1.715884041676051009723458490478178207729213139726562428"}
{"index": 14, "frame": 1, "spectrum": "split_extreme", "lambda_max": -3.985984815095087, "entropy_q": "1.715884041676051009723458490478178207729213139726562428"}
{"index": 15, "frame": 1, "spectrum": "cluster_mid", "lambda_max": -0.34258674573445985, "entropy_q": "1.715884041676051009723458490478178207729213139726562428"}
{"index": 16, "frame": 2, "spectrum": "moderate", "lambda_max": -1.0259015475925808, "entropy_q": "1.969278967872030526226196880756249942078784025175093222"}
{"index": 17, "frame": 2, "spectrum": "sparse", "lambda_max": -4.578484836832122, "entropy_q": "1.969278967872030526226196880756249942078784025175093222"}
{"index": 18, "frame": 2, "spectrum": "dense", "lambda_max": -12.41525175848614, "entropy_q": "1.969278967872030526226196880756249942078784025175093222"}
{"index": 19, "frame": 2, "spectrum": "one_zero", "lambda_max": -1.852364824354993, "entropy_q": "1.969278967872030526226196880756249942078784025175093222"}
{"index": 20, "frame": 2, "spectrum": "two_zero", "lambda_max": -5.284896159698468, "entropy_q": "1.969278967872030526226196880756249942078784025175093222"}
{"index": 21, "frame": 2, "spectrum": "one_one", "lambda_max": -1.4747200646233867, "entropy_q": "1.969278967872030526226196880756249942078784025175093222"}
{"index": 22, "frame": 2, "spectrum": "split_extreme", "lambda_max": -3.990213224066664, "entropy_q": "1.969278967872030526226196880756249942078784025175093222"}
{"index": 23, "frame": 2, "spectrum": "cluster_mid", "lambda_max": -0.378425812531382, "entropy_q": "1.969278967872030526226196880756249942078784025175093222"}
{"status": "COMPLETED", "pid": 161588, "seed": 202609090529, "precision_digits": 60, "source_sha256": "6029ef89b757fac8376e889eb3266f4e1f19f94ba7c2fb99ec6361785da53fee", "helper_source_sha256": "c2f0c79dd5662a5435b53483c7acd4265f107472849d5458765c05b87d30934a", "python": "3.12.3 (main, Mar  3 2026, 12:15:18) [GCC 13.3.0]", "numpy": "2.5.3", "scipy": "1.18.1", "mpmath": "1.4.1", "platform": "Linux-6.8.0-79-generic-x86_64-with-glibc2.39", "argv": ["face5_search.py", "--out", "F2"], "prescribed_centers": 24, "support_masks": [0, 1, 2, 3, 4, 5, 6, 7, 8, 9, 10, 11, 12, 13, 14, 16, 17, 18, 19, 20, 21, 22, 24, 25, 26, 28], "structural_zero_masks": [15, 23, 27, 29, 30, 31], "thread_limits": {"OMP_NUM_THREADS": "1", "OPENBLAS_NUM_THREADS": "1", "MKL_NUM_THREADS": "1", "NUMEXPR_NUM_THREADS": "1"}, "classification": "numerical scout only; no rigorous log enclosure or general theorem", "counts": {"center_attempts": 24, "center_completed": 24, "hessian_calls": 24, "proper_event_jet_calls": 624, "entropy_calls": 312, "entropy_determinants": 8112, "chord_calls": 144, "direction_evaluations": 48, "rational_frame_checks": 3, "exact_top_determinant_jet_calls": 48}, "exact_endpoint_pd_checks": 576, "elapsed_seconds": 6.511925220489502, "failures": [], "candidate_files": [], "exit_status": 0}
